<p><strong><strong><em>foo</em></strong></strong></p>