<p&gtgt;&lt;a href=&quot;hi'&gt; &lt;a href=hi'&gt;</p>