<p>&quot;aa&quot;_&quot;bb&quot;_&quot;cc&quot;</p>