<h1>Header</h1>
<pre><code>foo
</code></pre>
<h2>Header</h2>
<pre><code>foo
</code></pre>
<hr />